../Core/Inc/xor_algo.h:8:6:aXor	24	static
../Core/Inc/xor_algo.h:17:6:dXor	24	static
../Core/Src/main.c:140:6:debugPrintln	24	static
../Core/Src/main.c:155:5:main	184	dynamic
../Core/Src/main.c:233:6:SystemClock_Config	104	static
../Core/Src/main.c:276:13:MX_SPI2_Init	8	static
../Core/Src/main.c:316:13:MX_USART1_UART_Init	8	static
../Core/Src/main.c:351:13:MX_GPIO_Init	48	static
../Core/Src/main.c:379:6:icm20948_init	8	static
../Core/Src/main.c:404:6:ak09916_init	8	static
../Core/Src/main.c:417:6:icm20948_gyro_read	24	static
../Core/Src/main.c:426:6:icm20948_accel_read	24	static
../Core/Src/main.c:437:6:icm20948_gyro_read_dps	16	static
../Core/Src/main.c:446:6:icm20948_accel_read_g	16	static
../Core/Src/main.c:457:6:icm20948_who_am_i	24	static
../Core/Src/main.c:469:6:icm20948_device_reset	8	static
../Core/Src/main.c:477:6:icm20948_wakeup	24	static
../Core/Src/main.c:486:6:icm20948_sleep	24	static
../Core/Src/main.c:495:6:icm20948_spi_slave_enable	24	static
../Core/Src/main.c:503:6:icm20948_i2c_master_reset	24	static
../Core/Src/main.c:511:6:icm20948_i2c_master_enable	24	static
../Core/Src/main.c:520:6:icm20948_i2c_master_clk_frq	32	static
../Core/Src/main.c:528:6:icm20948_clock_source	32	static
../Core/Src/main.c:536:6:icm20948_odr_align_enable	8	static
../Core/Src/main.c:541:6:icm20948_gyro_low_pass_filter	32	static
../Core/Src/main.c:549:6:icm20948_accel_low_pass_filter	32	static
../Core/Src/main.c:557:6:icm20948_gyro_sample_rate_divider	16	static
../Core/Src/main.c:562:6:icm20948_accel_sample_rate_divider	32	static
../Core/Src/main.c:573:6:icm20948_gyro_calibration	56	static
../Core/Src/main.c:605:6:icm20948_accel_calibration	80	static
../Core/Src/main.c:663:6:icm20948_gyro_full_scale_select	32	static
../Core/Src/main.c:690:6:icm20948_accel_full_scale_select	32	static
../Core/Src/main.c:718:13:cs_high	8	static
../Core/Src/main.c:723:13:cs_low	8	static
../Core/Src/main.c:728:13:select_user_bank	32	static
../Core/Src/main.c:739:16:read_single_icm20948_reg	32	static
../Core/Src/main.c:753:13:write_single_icm20948_reg	32	static
../Core/Src/main.c:766:17:read_multiple_icm20948_reg	32	static
../Core/Src/main.c:780:13:write_multiple_icm20948_reg	32	static
../Core/Src/main.c:793:6:Compression	72	static
../Core/Src/main.c:833:6:Error_Handler	8	static,ignoring_inline_asm
