../Core/Inc/src/balz.c:20:5:minit	24	static
../Core/Inc/src/balz.c:25:5:mread	24	static
../Core/Inc/src/balz.c:30:5:mwrite	24	static
../Core/Inc/src/balz.c:35:5:mtell	16	static
../Core/Inc/src/balz.c:38:5:mavail	16	static
../Core/Inc/src/balz.c:41:5:mputc	24	static
../Core/Inc/src/balz.c:45:5:mgetc	32	static
../Core/Inc/src/balz.c:58:6:CounterCtor	16	static
../Core/Inc/src/balz.c:63:10:CounterP	16	static
../Core/Inc/src/balz.c:67:6:CounterUpdate0	16	static
../Core/Inc/src/balz.c:72:6:CounterUpdate1	16	static
../Core/Inc/src/balz.c:84:6:EncoderCtor	24	static
../Core/Inc/src/balz.c:90:6:EncoderEncode	72	static
../Core/Inc/src/balz.c:108:6:EncoderFlush	24	static
../Core/Inc/src/balz.c:115:6:EncoderInit	32	static
../Core/Inc/src/balz.c:120:5:EncoderDecode	56	static
../Core/Inc/src/balz.c:151:6:CMCtor	40	static
../Core/Inc/src/balz.c:157:6:CMInit	16	static
../Core/Inc/src/balz.c:161:6:CMEncode	32	static
../Core/Inc/src/balz.c:171:6:CMEncodeIdx	32	static
../Core/Inc/src/balz.c:181:5:CMDecode	24	static
../Core/Inc/src/balz.c:188:5:CMDecodeIdx	24	static
../Core/Inc/src/balz.c:206:6:balz_init	24	static
../Core/Inc/src/balz.c:248:24:get_hash	16	static
../Core/Inc/src/balz.c:252:19:get_pts	16	static
../Core/Inc/src/balz.c:256:5:get_pts_at	56	static
../Core/Inc/src/balz.c:294:5:balz_compress	656544	static
../Core/Inc/src/balz.c:400:5:balz_decompress	655480	static
../Core/Inc/src/balz.c:463:10:balz_encode	48	static
../Core/Inc/src/balz.c:467:10:balz_decode	24	static
../Core/Inc/src/balz.c:470:10:balz_bounds	16	static
../Core/Inc/src/bcm_bwt.c:211:1:ss_ilg	16	static
../Core/Inc/src/bcm_bwt.c:254:1:ss_isqrt	32	static
../Core/Inc/src/bcm_bwt.c:287:1:ss_compare	40	static
../Core/Inc/src/bcm_bwt.c:313:1:ss_insertionsort	40	static
../Core/Inc/src/bcm_bwt.c:338:1:ss_fixdown	48	static
../Core/Inc/src/bcm_bwt.c:355:1:ss_heapsort	56	static
../Core/Inc/src/bcm_bwt.c:380:1:ss_median3	32	static
../Core/Inc/src/bcm_bwt.c:394:1:ss_median5	32	static
../Core/Inc/src/bcm_bwt.c:409:1:ss_pivot	56	static
../Core/Inc/src/bcm_bwt.c:437:1:ss_partition	40	static
../Core/Inc/src/bcm_bwt.c:456:1:ss_mintrosort	360	static
../Core/Inc/src/bcm_bwt.c:598:1:ss_blockswap	32	static
../Core/Inc/src/bcm_bwt.c:607:1:ss_rotate	48	static
../Core/Inc/src/bcm_bwt.c:648:1:ss_inplacemerge	56	static
../Core/Inc/src/bcm_bwt.c:691:1:ss_mergeforward	48	static
../Core/Inc/src/bcm_bwt.c:741:1:ss_mergebackward	64	static
../Core/Inc/src/bcm_bwt.c:800:1:ss_swapmerge	608	static
../Core/Inc/src/bcm_bwt.c:892:1:sssort	96	static
../Core/Inc/src/bcm_bwt.c:967:1:tr_ilg	16	static
../Core/Inc/src/bcm_bwt.c:983:1:tr_insertionsort	40	static
../Core/Inc/src/bcm_bwt.c:1002:1:tr_fixdown	48	static
../Core/Inc/src/bcm_bwt.c:1018:1:tr_heapsort	40	static
../Core/Inc/src/bcm_bwt.c:1043:1:tr_median3	32	static
../Core/Inc/src/bcm_bwt.c:1056:1:tr_median5	32	static
../Core/Inc/src/bcm_bwt.c:1071:1:tr_pivot	48	static
../Core/Inc/src/bcm_bwt.c:1106:1:trbudget_init	24	static
../Core/Inc/src/bcm_bwt.c:1113:1:trbudget_check	16	static
../Core/Inc/src/bcm_bwt.c:1126:1:tr_partition	64	static
../Core/Inc/src/bcm_bwt.c:1168:1:tr_copy	48	static
../Core/Inc/src/bcm_bwt.c:1193:1:tr_partialcopy	56	static
../Core/Inc/src/bcm_bwt.c:1231:1:tr_introsort	1384	static
../Core/Inc/src/bcm_bwt.c:1458:1:trsort	80	static
../Core/Inc/src/bcm_bwt.c:1497:1:sort_typeBstar	104	static
../Core/Inc/src/bcm_bwt.c:1654:1:construct_SA	56	static
../Core/Inc/src/bcm_bwt.c:1718:1:construct_BWT	56	static
../Core/Inc/src/bcm_bwt.c:1791:1:bcm_divsufsort	56	static
../Core/Inc/src/bcm_bwt.c:1820:1:bcm_divbwt	64	static
../Core/Inc/src/bcm.c:88:10:bcmeCtor	16	static
../Core/Inc/src/bcm.c:95:10:bcmeFlush	24	static
../Core/Inc/src/bcm.c:104:10:bcmeInit	32	static
../Core/Inc/src/bcm.c:110:10:bcmeEncodeDirectBits	32	static
../Core/Inc/src/bcm.c:128:10:bcmeEncodeBit1	40	static
../Core/Inc/src/bcm.c:143:10:bcmeEncodeBit0	40	static
../Core/Inc/src/bcm.c:158:14:bcmeDecodeDirectBits	40	static
../Core/Inc/src/bcm.c:187:9:bcmeDecodeBit	48	static
../Core/Inc/src/bcm.c:216:1:bcmCounter2Ctor	16	static
../Core/Inc/src/bcm.c:216:1:bcmCounter2UpdateBit0	16	static
../Core/Inc/src/bcm.c:216:1:bcmCounter2UpdateBit1	16	static
../Core/Inc/src/bcm.c:217:1:bcmCounter4Ctor	16	static
../Core/Inc/src/bcm.c:217:1:bcmCounter4UpdateBit0	16	static
../Core/Inc/src/bcm.c:217:1:bcmCounter4UpdateBit1	16	static
../Core/Inc/src/bcm.c:218:1:bcmCounter6Ctor	16	static
../Core/Inc/src/bcm.c:218:1:bcmCounter6UpdateBit0	16	static
../Core/Inc/src/bcm.c:218:1:bcmCounter6UpdateBit1	16	static
../Core/Inc/src/bcm.c:230:10:bcmCMCtor	48	static
../Core/Inc/src/bcm.c:258:10:bcmCMEncode	64	static
../Core/Inc/src/bcm.c:305:9:bcmCMDecode	64	static
../Core/Inc/src/bcm.c:348:10:bcm_encode	149152	static
../Core/Inc/src/bcm.c:403:10:bcm_decode	150168	static
../Core/Inc/src/bcm.c:474:10:bcm_bounds	16	static
../Core/Inc/src/crush.c:30:6:bits_init	24	static
../Core/Inc/src/crush.c:36:6:bits_put	32	static
../Core/Inc/src/crush.c:47:6:bits_flush	16	static
../Core/Inc/src/crush.c:52:5:bits_get	24	static
../Core/Inc/src/crush.c:101:19:update_hash1	16	static
../Core/Inc/src/crush.c:105:19:update_hash2	16	static
../Core/Inc/src/crush.c:109:19:get_min	16	static
../Core/Inc/src/crush.c:113:19:get_max	16	static
../Core/Inc/src/crush.c:117:19:get_penalty	24	static
../Core/Inc/src/crush.c:127:15:crush_compress	200	static
../Core/Inc/src/crush.c:302:15:crush_decompress	72	static
../Core/Inc/src/crush.c:350:10:crush_encode	48	static
../Core/Inc/src/crush.c:354:10:crush_decode	24	static
../Core/Inc/src/crush.c:357:10:crush_bounds	16	static
../Core/Inc/src/deflate.c:196:14:tinfl_decompress	424	static
../Core/Inc/src/deflate.c:584:10:mz_adler32	40	static
../Core/Inc/src/deflate.c:654:24:tdefl_radix_sort_syms	3152	static
../Core/Inc/src/deflate.c:671:13:tdefl_calculate_minimum_redundancy	40	static
../Core/Inc/src/deflate.c:693:13:tdefl_huffman_enforce_max_code_size	32	static
../Core/Inc/src/deflate.c:706:13:tdefl_optimize_huffman_table	2640	static
../Core/Inc/src/deflate.c:771:13:tdefl_start_dynamic_block	776	static
../Core/Inc/src/deflate.c:833:13:tdefl_start_static_block	40	static
../Core/Inc/src/deflate.c:943:16:tdefl_compress_lz_codes	96	static
../Core/Inc/src/deflate.c:988:16:tdefl_compress_block	16	static
../Core/Inc/src/deflate.c:997:12:tdefl_flush_block	168	static
../Core/Inc/src/deflate.c:1334:16:tdefl_compress_normal	248	static
../Core/Inc/src/deflate.c:1452:21:tdefl_flush_output_buffer	24	static
../Core/Inc/src/deflate.c:1473:14:tdefl_compress	24	static
../Core/Inc/src/deflate.c:1529:14:tdefl_compress_buffer	32	static
../Core/Inc/src/deflate.c:1537:14:tdefl_init	319336	static
../Core/Inc/src/deflate.c:1574:10:deflate_decode	11064	static
../Core/Inc/src/deflate.c:1580:10:deflate_encode	96	static
../Core/Inc/src/deflate.c:1598:10:deflate_bounds	24	static
../Core/Inc/src/lz4x.c:62:5:lz4x_compress_optimal	168	static
../Core/Inc/src/lz4x.c:274:5:lz4x_compress	120	static
../Core/Inc/src/lz4x.c:402:5:lz4x_decompress	72	static
../Core/Inc/src/lz4x.c:467:10:lz4x_encode	48	static
../Core/Inc/src/lz4x.c:472:10:lz4x_decode	24	static
../Core/Inc/src/lz4x.c:475:10:lz4x_bounds	16	static
../Core/Inc/src/lzma.c:151:24:Mf_GetNumAvailableBytes	16	static
../Core/Inc/src/lzma.c:154:23:Mf_GetIndexByte	16	static
../Core/Inc/src/lzma.c:157:25:Mf_GetPointerToCurrentPos	16	static
../Core/Inc/src/lzma.c:175:20:CRC32_update_buf	32	static
../Core/Inc/src/lzma.c:210:13:Mf_ReadBlock	32	static
../Core/Inc/src/lzma.c:237:13:Mf_CheckAndMoveAndRead	16	static
../Core/Inc/src/lzma.c:250:6:Mf_Free	16	static
../Core/Inc/src/lzma.c:258:16:AllocRefs	24	static
../Core/Inc/src/lzma.c:266:13:Mf_SetLimits	32	static
../Core/Inc/src/lzma.c:292:5:Mf_Init	48	static
../Core/Inc/src/lzma.c:370:13:Mf_Normalize3	32	static
../Core/Inc/src/lzma.c:384:13:Mf_Normalize	24	static
../Core/Inc/src/lzma.c:393:13:Mf_CheckLimits	16	static
../Core/Inc/src/lzma.c:404:19:Hc_GetMatchesSpec	40	static
../Core/Inc/src/lzma.c:436:19:GetMatchesSpec1	56	static
../Core/Inc/src/lzma.c:492:13:SkipMatchesSpec	56	static
../Core/Inc/src/lzma.c:549:13:Mf_MovePos	16	static
../Core/Inc/src/lzma.c:568:17:Bt2_MatchFinder_GetMatches	88	static
../Core/Inc/src/lzma.c:579:17:Bt3_MatchFinder_GetMatches	104	static
../Core/Inc/src/lzma.c:612:17:Bt4_MatchFinder_GetMatches	112	static
../Core/Inc/src/lzma.c:659:17:Hc4_MatchFinder_GetMatches	112	static
../Core/Inc/src/lzma.c:709:13:Bt2_MatchFinder_Skip	64	static
../Core/Inc/src/lzma.c:723:13:Bt3_MatchFinder_Skip	72	static
../Core/Inc/src/lzma.c:738:13:Bt4_MatchFinder_Skip	80	static
../Core/Inc/src/lzma.c:754:13:Hc4_MatchFinder_Skip	48	static
../Core/Inc/src/lzma.c:772:6:Mf_CreateVTable	16	static
../Core/Inc/src/lzma.c:833:20:Ft_set_data_crc	24	static
../Core/Inc/src/lzma.c:837:20:Ft_set_data_size	40	static
../Core/Inc/src/lzma.c:841:20:Ft_set_member_size	40	static
../Core/Inc/src/lzma.c:860:13:LzmaEnc_FastPosInit	32	static
../Core/Inc/src/lzma.c:1053:12:RangeEnc_Init	16	static
../Core/Inc/src/lzma.c:1069:13:RangeEnc_Free	16	static
../Core/Inc/src/lzma.c:1076:13:RangeEnc_FlushStream	32	static
../Core/Inc/src/lzma.c:1088:13:RangeEnc_ShiftLow	48	static
../Core/Inc/src/lzma.c:1109:13:RangeEnc_FlushData	24	static
../Core/Inc/src/lzma.c:1116:13:RangeEnc_EncodeDirectBits	32	static
../Core/Inc/src/lzma.c:1131:13:RangeEnc_EncodeBit	40	static
../Core/Inc/src/lzma.c:1154:13:LitEnc_Encode	24	static
../Core/Inc/src/lzma.c:1165:13:LitEnc_EncodeMatched	32	static
../Core/Inc/src/lzma.c:1179:13:LzmaEnc_InitPriceTables	40	static
../Core/Inc/src/lzma.c:1215:17:LitEnc_GetPrice	32	static
../Core/Inc/src/lzma.c:1228:17:LitEnc_GetPriceMatched	32	static
../Core/Inc/src/lzma.c:1245:13:RcTree_Encode	40	static
../Core/Inc/src/lzma.c:1259:13:RcTree_ReverseEncode	40	static
../Core/Inc/src/lzma.c:1272:17:RcTree_GetPrice	32	static
../Core/Inc/src/lzma.c:1284:17:RcTree_ReverseGetPrice	40	static
../Core/Inc/src/lzma.c:1300:13:LenEnc_Init	24	static
../Core/Inc/src/lzma.c:1312:13:LenEnc_Encode	24	static
../Core/Inc/src/lzma.c:1335:13:LenEnc_SetPrices	48	static
../Core/Inc/src/lzma.c:1358:13:LenPriceEnc_UpdateTable	40	static
../Core/Inc/src/lzma.c:1364:13:LenPriceEnc_UpdateTables	32	static
../Core/Inc/src/lzma.c:1371:13:LenEnc_Encode2	24	static
../Core/Inc/src/lzma.c:1380:13:MovePos	16	static
../Core/Inc/src/lzma.c:1393:17:ReadMatchDistances	40	static
../Core/Inc/src/lzma.c:1433:17:GetRepLen1Price	24	static
../Core/Inc/src/lzma.c:1440:17:GetPureRepPrice	32	static
../Core/Inc/src/lzma.c:1462:17:GetRepPrice	32	static
../Core/Inc/src/lzma.c:1468:17:Backward	48	static
../Core/Inc/src/lzma.c:1506:17:GetOptimum	488	static
../Core/Inc/src/lzma.c:2066:17:GetOptimumFast	80	static
../Core/Inc/src/lzma.c:2174:13:LZe_full_flush	128	static
../Core/Inc/src/lzma.c:2208:12:CheckErrors	16	static
../Core/Inc/src/lzma.c:2221:12:Flush	16	static
../Core/Inc/src/lzma.c:2229:13:FillAlignPrices	24	static
../Core/Inc/src/lzma.c:2237:13:FillDistancesPrices	584	static
../Core/Inc/src/lzma.c:2272:12:LzmaEnc_CodeOneBlock	128	static
../Core/Inc/src/lzma.c:2424:16:LzmaEnc_Init	80	static
../Core/Inc/src/lzma.c:2506:6:LzmaEnc_Free	24	static
../Core/Inc/src/lzma.c:2517:5:LzmaEnc_Encode	24	static
../Core/Inc/src/lzma.c:2746:13:LzmaDec_DecodeReal	208	static
../Core/Inc/src/lzma.c:3043:13:LzmaDec_WriteRem	40	static
../Core/Inc/src/lzma.c:3069:12:LzmaDec_DecodeReal2	40	static
../Core/Inc/src/lzma.c:3103:19:LzmaDec_TryDummy	120	static
../Core/Inc/src/lzma.c:3294:13:LzmaDec_InitRc	16	static
../Core/Inc/src/lzma.c:3302:13:LzmaDec_DecodeToDic	56	static
../Core/Inc/src/lzma.c:3422:6:LzmaDec_DecodeToBuf	80	static
../Core/Inc/src/lzma.c:3465:13:LzmaDec_Free	16	static
../Core/Inc/src/lzma.c:3472:13:LzmaDec_Init	32	static
../Core/Inc/src/lzma.c:3523:12:readblock	40	static
../Core/Inc/src/lzma.c:3535:12:writeblock	40	static
../Core/Inc/src/lzma.c:3568:10:lzma_encode	64	static
../Core/Inc/src/lzma.c:3584:10:lzma_decode	192	static
../Core/Inc/src/lzma.c:3613:10:lzma_bounds	16	static
../Core/Inc/src/lzp1.c:51:12:lzp1_encode_	262232	static
../Core/Inc/src/lzp1.c:202:12:lzp1_decode_	262240	static
../Core/Inc/src/lzp1.c:316:10:lzp1_encode	24	static
../Core/Inc/src/lzp1.c:319:10:lzp1_decode	24	static
../Core/Inc/src/lzp1.c:322:10:lzp1_bounds	16	static
../Core/Inc/src/lzrw3a.c:54:13:lzrw3a_compress	128	static
../Core/Inc/src/lzrw3a.c:200:13:lzrw3a_decompress	80	static
../Core/Inc/src/lzrw3a.c:288:10:lzrw3a_encode	16448	static
../Core/Inc/src/lzrw3a.c:294:10:lzrw3a_decode	16448	static
../Core/Inc/src/lzrw3a.c:300:10:lzrw3a_bounds	16	static
../Core/Inc/src/lzss.c:29:13:InsertNode	40	static
../Core/Inc/src/lzss.c:64:13:DeleteNode	32	static
../Core/Inc/src/lzss.c:99:8:LzssEncode	54408	static
../Core/Inc/src/lzss.c:194:8:LzssDecode	4192	static
../Core/Inc/src/lzss.c:234:10:lzss_encode	32	static
../Core/Inc/src/lzss.c:238:10:lzss_decode	32	static
../Core/Inc/src/lzss.c:242:10:lzss_bounds	16	static
../Core/Inc/src/ppp.c:35:12:ppp_compress	262200	static
../Core/Inc/src/ppp.c:56:12:ppp_decompress	262200	static
../Core/Inc/src/ppp.c:94:10:ppp_encode	24	static
../Core/Inc/src/ppp.c:97:10:ppp_decode	24	static
../Core/Inc/src/ppp.c:100:10:ppp_bounds	16	static
../Core/Inc/src/raw.c:17:10:raw_encode	24	static
../Core/Inc/src/raw.c:20:10:raw_decode	24	static
../Core/Inc/src/raw.c:23:10:raw_bounds	16	static
../Core/Inc/src/ulz.c:39:24:UnalignedLoad16	16	static
../Core/Inc/src/ulz.c:43:24:UnalignedLoad32	16	static
../Core/Inc/src/ulz.c:47:20:UnalignedStore16	16	static
../Core/Inc/src/ulz.c:51:20:UnalignedCopy64	16	static
../Core/Inc/src/ulz.c:55:20:WildCopy	32	static
../Core/Inc/src/ulz.c:62:24:Hash32	16	static
../Core/Inc/src/ulz.c:66:20:EncodeMod	16	static
../Core/Inc/src/ulz.c:75:24:DecodeMod	32	static
../Core/Inc/src/ulz.c:88:12:UlzCompressFast	96	static
../Core/Inc/src/ulz.c:176:12:UlzCompress	136	static
../Core/Inc/src/ulz.c:310:12:UlzDecompress	72	static
../Core/Inc/src/ulz.c:362:10:ulz_encode	48	static
../Core/Inc/src/ulz.c:368:10:ulz_decode	24	static
../Core/Inc/src/ulz.c:371:10:ulz_bounds	16	static
../Core/Inc/src/pack.c:45:7:arc_nameof	40	static
../Core/Inc/src/pack.c:51:10:mem_encode	48	static
../Core/Inc/src/pack.c:56:10:mem_decode	40	static
../Core/Inc/src/pack.c:60:10:mem_bounds	16	static
../Core/Inc/src/pack.c:75:10:file_encode	296	static
../Core/Inc/src/pack.c:177:10:file_decode	120	static
../Core/Inc/src/_amalgamate.c:24:5:include	400	static
